exports[`<App /> it renders correctly 1`] = `
<BrowserRouter
  basename="/">
  <withRouter(ScrollToTop)>
    <div
      className="App">
      <Route
        exact={true}
        path="/"
        render={[Function]} />
      <Route
        path="/login"
        render={[Function]} />
      <Route
        path="/registration"
        render={[Function]} />
      <Route
        exact={true}
        path="/cities"
        render={[Function]} />
      <Route
        path="/cities/:cityID"
        render={[Function]} />
    </div>
  </withRouter(ScrollToTop)>
</BrowserRouter>
`;
